Microchip MPLAB XC8 Compiler V1.12 ()

Linker command line:

-W4 --edf=/Applications/microchip/xc8/v1.12/dat/en_msgs.txt -cs \
  -h+dist/default/production/JSPIC.production.sym -z -Q18F2680 -ol.obj \
  -Mdist/default/production/JSPIC.production.map -E1 -ver=XC8 \
  -ACODE=00h-0FFFFh -ACONST=00h-0FFFFh -ASMALLCONST=0D00h-0DFFhx243 \
  -AMEDIUMCONST=0D00h-0FFFFh -ACOMRAM=01h-05Fh -AABS1=00h-0CFFh \
  -ABIGRAM=01h-0CFFh -ARAM=060h-0FFh,0100h-01FFhx12 -ABANK0=060h-0FFh \
  -ABANK1=0100h-01FFh -ABANK2=0200h-02FFh -ABANK3=0300h-03FFh \
  -ABANK4=0400h-04FFh -ABANK5=0500h-05FFh -ABANK6=0600h-06FFh \
  -ABANK7=0700h-07FFh -ABANK8=0800h-08FFh -ABANK9=0900h-09FFh \
  -ABANK10=0A00h-0AFFh -ABANK11=0B00h-0BFFh -ABANK12=0C00h-0CFFh \
  -ASFR=0D00h-0DFFhx2,0F00h-0F5Fh,0F60h-0FFFh \
  -preset_vec=00h,intcode=08h,intcodelo,powerup,init,end_init \
  -pramtop=0D00h -psmallconst=SMALLCONST -pmediumconst=MEDIUMCONST \
  -pconst=CONST -AFARRAM=00h-00h -ACONFIG=0300000h-030000Dh -pconfig=CONFIG \
  -AIDLOC=0200000h-0200007h -pidloc=IDLOC -AEEDATA=0F00000h-0F003FFh \
  -peeprom_data=EEDATA \
  -prdata=COMRAM,nvrram=COMRAM,nvbit=COMRAM,rbss=COMRAM,rbit=COMRAM \
  -pfarbss=FARRAM,fardata=FARRAM \
  -pintsave_regs=BIGRAM,bigbss=BIGRAM,bigdata=BIGRAM -pbss=RAM \
  -pidata=CODE,irdata=CODE,ibigdata=CODE,ifardata=CODE /tmp/cgtKGLhTZ.obj \
  dist/default/production/JSPIC.production.obj 

Object code version is 3.10

Machine type is 18F2680

Call graph: (short form)




                Name                               Link     Load   Length Selector   Space Scale
/tmp/cgtKGLhTZ.obj
                end_init                             18       18        4        4       0
                reset_vec                             0        0        4        0       0
                idloc                            200000   200000        8   200000       0
                config                           300000   300000        E   300000       0
dist/default/production/JSPIC.production.obj
                intcode                               8        8       10        4       0
                smallconst                          D00      D00       6A      680       0
                text43                             22E8     22E8       2C      6B5       0
                text42                             218A     218A       40      6B5       0
                text41                             18C0     18C0       C4      6B5       0
                text40                             2094     2094       5C      6B5       0
                text39                             1F60     1F60       6C      6B5       0
                text38                             1BA4     1BA4       A8      6B5       0
                text37                             20F0     20F0       52      6B5       0
                text36                             23B4     23B4       1A      6B5       0
                text35                             2036     2036       5E      6B5       0
                text34                              D6A      D6A      260      6B5       0
                text33                             1DFA     1DFA       7E      6B5       0
                text32                             1D7C     1D7C       7E      6B5       0
                text31                             23E4     23E4       16      6B5       0
                text30                             21CA     21CA       3C      6B5       0
                text29                             1E78     1E78       76      6B5       0
                text28                             2206     2206       30      6B5       0
                text27                             1FCC     1FCC       6A      6B5       0
                text26                             2398     2398       1C      6B5       0
                text25                             1C4C     1C4C       A2      6B5       0
                text24                             14F4     14F4      12C      6B5       0
                text23                             13AA     13AA      14A      6B5       0
                text22                             1AF2     1AF2       B2      6B5       0
                text21                             1984     1984       BA      6B5       0
                text20                             1CEE     1CEE       8E      6B5       0
                text19                             23CE     23CE       16      6B5       0
                text18                             233C     233C       22      6B5       0
                text17                              FCA      FCA      224      6B5       0
                text16                             11EE     11EE      1BC      6B5       0
                text15                             240C     240C        2      6B5       0
                text14                             2142     2142       48      6B5       0
                text13                             1620     1620       F4      6B5       0
                text12                             1A3E     1A3E       B4      6B5       0
                intcode_body                       1714     1714       E6      6B5       0
                text10                             235E     235E       1E      6B5       0
                text9                              23FA     23FA        A      6B5       0
                text8                              240A     240A        2      6B5       0
                text7                              17FA     17FA       C6      6B5       0
                text6                              2314     2314       28      6B5       0
                text5                              22BC     22BC       2C      6B5       0
                text4                              2236     2236       2E      6B5       0
                text3                              237C     237C       1C      6B5       0
                text2                              2404     2404        6      6B5       0
                text1                              2290     2290       2C      6B5       0
                text0                              2264     2264       2C      6B5       0
                cstackCOMRAM                          1        1       51        1       1
                cstackBANK0                          AF       AF        5       60       1
                bssBANK7                            700      700       C8      700       1
                bssBANK6                            600      600       C8      600       1
                bssBANK5                            500      500       64      500       1
                bssBANK4                            400      400       C8      400       1
                bssBANK3                            300      300       C8      300       1
                bssBANK2                            200      200       C8      200       1
                bssBANK1                            100      100       DC      100       1
                bssBANK0                             60       60       4F       60       1
                bssCOMRAM                            52       52        E        1       1
                cinit                              1EEE     1EEE       72      6B5       0
                nvBANK0                              B4       B4        4       60       1

TOTAL           Name                               Link     Load   Length     Space
        CLASS   CODE           
                end_init                             18       18        4         0
                intcode                               8        8       10         0
                reset_vec                             0        0        4         0
                text43                             22E8     22E8       2C         0
                text42                             218A     218A       40         0
                text41                             18C0     18C0       C4         0
                text40                             2094     2094       5C         0
                text39                             1F60     1F60       6C         0
                text38                             1BA4     1BA4       A8         0
                text37                             20F0     20F0       52         0
                text36                             23B4     23B4       1A         0
                text35                             2036     2036       5E         0
                text34                              D6A      D6A      260         0
                text33                             1DFA     1DFA       7E         0
                text32                             1D7C     1D7C       7E         0
                text31                             23E4     23E4       16         0
                text30                             21CA     21CA       3C         0
                text29                             1E78     1E78       76         0
                text28                             2206     2206       30         0
                text27                             1FCC     1FCC       6A         0
                text26                             2398     2398       1C         0
                text25                             1C4C     1C4C       A2         0
                text24                             14F4     14F4      12C         0
                text23                             13AA     13AA      14A         0
                text22                             1AF2     1AF2       B2         0
                text21                             1984     1984       BA         0
                text20                             1CEE     1CEE       8E         0
                text19                             23CE     23CE       16         0
                text18                             233C     233C       22         0
                text17                              FCA      FCA      224         0
                text16                             11EE     11EE      1BC         0
                text15                             240C     240C        2         0
                text14                             2142     2142       48         0
                text13                             1620     1620       F4         0
                text12                             1A3E     1A3E       B4         0
                intcode_body                       1714     1714       E6         0
                text10                             235E     235E       1E         0
                text9                              23FA     23FA        A         0
                text8                              240A     240A        2         0
                text7                              17FA     17FA       C6         0
                text6                              2314     2314       28         0
                text5                              22BC     22BC       2C         0
                text4                              2236     2236       2E         0
                text3                              237C     237C       1C         0
                text2                              2404     2404        6         0
                text1                              2290     2290       2C         0
                text0                              2264     2264       2C         0
                cinit                              1EEE     1EEE       72         0

        CLASS   CONST          

        CLASS   SMALLCONST     
                smallconst                          D00      D00       6A         0

        CLASS   MEDIUMCONST    

        CLASS   COMRAM         
                cstackCOMRAM                          1        1       51         1
                bssCOMRAM                            52       52        E         1

        CLASS   ABS1           

        CLASS   BIGRAM         

        CLASS   RAM            

        CLASS   BANK0          
                cstackBANK0                          AF       AF        5         1
                bssBANK0                             60       60       4F         1
                nvBANK0                              B4       B4        4         1

        CLASS   BANK1          
                bssBANK1                            100      100       DC         1

        CLASS   BANK2          
                bssBANK2                            200      200       C8         1

        CLASS   BANK3          
                bssBANK3                            300      300       C8         1

        CLASS   BANK4          
                bssBANK4                            400      400       C8         1

        CLASS   BANK5          
                bssBANK5                            500      500       64         1

        CLASS   BANK6          
                bssBANK6                            600      600       C8         1

        CLASS   BANK7          
                bssBANK7                            700      700       C8         1

        CLASS   BANK8          

        CLASS   BANK9          

        CLASS   BANK10         

        CLASS   BANK11         

        CLASS   BANK12         

        CLASS   SFR            

        CLASS   FARRAM         

        CLASS   CONFIG         
                config                           300000   300000        E         0

        CLASS   IDLOC          
                idloc                            200000   200000        8         0

        CLASS   EEDATA         



SEGMENTS        Name                           Load    Length   Top    Selector   Space  Class

                reset_vec                      000000  000004  000004         0       0  CODE    
                cstackCOMRAM                   000001  00005F  000060         1       1  COMRAM  
                intcode                        000008  000014  00001C         4       0  CODE    
                bssBANK0                       000060  000058  0000B8        60       1  BANK0   
                bssBANK1                       000100  0000DC  0001DC       100       1  BANK1   
                bssBANK2                       000200  0000C8  0002C8       200       1  BANK2   
                bssBANK3                       000300  0000C8  0003C8       300       1  BANK3   
                bssBANK4                       000400  0000C8  0004C8       400       1  BANK4   
                bssBANK5                       000500  000064  000564       500       1  BANK5   
                bssBANK6                       000600  0000C8  0006C8       600       1  BANK6   
                bssBANK7                       000700  0000C8  0007C8       700       1  BANK7   
                smallconst                     000D00  00006A  000D6A       680       0  SMALLCON
                text34                         000D6A  0016A4  00240E       6B5       0  CODE    
                idloc                          200000  000008  200008    200000       0  IDLOC   
                config                         300000  00000E  30000E    300000       0  CONFIG  


UNUSED ADDRESS RANGES

        Name                Unused          Largest block    Delta
        BANK0            0000B8-0000FF               48
        BANK1            0001DC-0001FF               24
        BANK10           000A00-000AFF              100
        BANK11           000B00-000BFF              100
        BANK12           000C00-000CFF              100
        BANK2            0002C8-0002FF               38
        BANK3            0003C8-0003FF               38
        BANK4            0004C8-0004FF               38
        BANK5            000564-0005FF               9C
        BANK6            0006C8-0006FF               38
        BANK7            0007C8-0007FF               38
        BANK8            000800-0008FF              100
        BANK9            000900-0009FF              100
        BIGRAM           0000B8-0000FF               48
                         0001DC-0001FF               24
                         0002C8-0002FF               38
                         0003C8-0003FF               38
                         0004C8-0004FF               38
                         000564-0005FF               9C
                         0006C8-0006FF               38
                         0007C8-000CFF              538
        CODE             000004-000007                4
                         00001C-000CFF              CE4
                         00240E-00FFFF             DBF2
        CONST            000004-000007                4
                         00001C-000CFF              CE4
                         00240E-00FFFF             DBF2
        EEDATA           F00000-F003FF              400
        MEDIUMCONST      00240E-00FFFF             DBF2
        RAM              0000B8-0000FF               48
                         0001DC-0001FF               24
                         0002C8-0002FF               38
                         0003C8-0003FF               38
                         0004C8-0004FF               38
                         000564-0005FF               9C
                         0006C8-0006FF               38
                         0007C8-000CFF              100
        SFR              000D00-000FFF              100
        SMALLCONST       00240E-00FFFF              100

                                  Symbol Table

?_Async                               cstackCOMRAM 000005
?_JWireBegin                          cstackBANK0  0000AF
?_JWireOnRequest                      cstackBANK0  0000AF
?_JWireRespond                        cstackCOMRAM 000005
?_JsonGetString                       cstackCOMRAM 000024
?_JsonNew                             cstackCOMRAM 000024
?_JsonSetString                       cstackCOMRAM 000024
?_JsonSetValue                        cstackCOMRAM 000024
?_SetInterval                         cstackBANK0  0000AF
?_TwitterSendToAll                    cstackCOMRAM 000001
?___awmod                             cstackCOMRAM 000001
?___lwdiv                             cstackCOMRAM 000001
?___lwmod                             cstackCOMRAM 000009
?_sprintf                             cstackCOMRAM 00000F
?_strchr                              cstackCOMRAM 000001
?_strcpy                              cstackCOMRAM 000001
?_strcpy2                             cstackCOMRAM 000001
?_strlen                              cstackCOMRAM 000001
?_strncmp                             cstackCOMRAM 000007
?_strstr                              cstackCOMRAM 000010
Async@function                        cstackCOMRAM 000005
Async@string                          cstackCOMRAM 000007
CountUp@count                         bssBANK0     00007C
IntervalTick@time                     bssBANK0     00007E
JWireBegin@id                         cstackBANK0  0000AF
JWireOnInterrupt@addr                 cstackCOMRAM 000030
JWireOnInterrupt@data                 cstackCOMRAM 000034
JWireOnInterrupt@temp                 cstackCOMRAM 000032
JWireOnRequest@callbackToUse          cstackBANK0  0000AF
JWireRespond@msg                      cstackCOMRAM 000005
JsonGetString@i                       cstackCOMRAM 00003C
JsonGetString@input                   cstackCOMRAM 000024
JsonGetString@key                     cstackCOMRAM 000026
JsonGetString@length_sub_s            cstackCOMRAM 000038
JsonGetString@length_substr2_s        cstackCOMRAM 000032
JsonGetString@length_substr_s         cstackCOMRAM 00002E
JsonGetString@p                       cstackCOMRAM 00003E
JsonGetString@string                  cstackCOMRAM 000028
JsonGetString@substr2_s               cstackCOMRAM 000036
JsonGetString@substr_s                cstackCOMRAM 000040
JsonNew@string                        cstackCOMRAM 000024
JsonSetString@input                   cstackCOMRAM 000024
JsonSetString@key                     cstackCOMRAM 000026
JsonSetString@original_json_input_len cstackCOMRAM 00002C
JsonSetString@str                     cstackCOMRAM 000028
JsonSetValue@input                    cstackCOMRAM 000024
JsonSetValue@key                      cstackCOMRAM 000026
JsonSetValue@original_json_input_len  cstackCOMRAM 00002C
JsonSetValue@value                    cstackCOMRAM 000028
OnSerialInterrupt@data                cstackCOMRAM 00000A
OnSerialInterrupt@err                 cstackCOMRAM 000009
SetInterval@callbackToUse             cstackBANK0  0000B1
SetInterval@delayInMs                 cstackBANK0  0000AF
SetInterval@hasLoaded                 bssBANK0     00009A
Tweet@nextSession                     bssCOMRAM    000052
Tweet@sessionKey                      bssCOMRAM    000054
TwitterOnReceive@message              cstackCOMRAM 000042
_ACKEN                                (abs)        007E2C
_Async                                text25       001C4C
_AsyncBegin                           text1        002290
_AsyncMessage                         bssCOMRAM    000056
_AsyncTick                            text12       001A3E
_BRG16                                (abs)        007DC3
_BRGH                                 (abs)        007D62
_CKP                                  (abs)        007E34
_CREN                                 (abs)        007D5C
_CountUp                              text28       002206
_Crash                                text26       002398
_GIE                                  (abs)        007F97
_HandleReads                          text23       0013AA
_HandleSends                          text24       0014F4
_INTCONbits                           (abs)        000FF2
_IntervalTick                         text13       001620
_IsCrashed                            bssBANK0     000080
_JWireBegin                           text5        0022BC
_JWireOnInterrupt                     text17       000FCA
_JWireOnRequest                       text9        0023FA
_JWireRespond                         text36       0023B4
_JsonGetString                        text16       0011EE
_JsonNew                              text31       0023E4
_JsonSetString                        text32       001D7C
_JsonSetValue                         text33       001DFA
_LA0                                  (abs)        007C48
_LA1                                  (abs)        007C49
_LA2                                  (abs)        007C4A
_LA4                                  (abs)        007C4C
_LA5                                  (abs)        007C4D
_LA7                                  (abs)        007C4F
_LATA                                 (abs)        000F89
_LedCounterBegin                      text6        002314
_MacawBegin                           text2        002404
_OSCCONbits                           (abs)        000FD3
_OnIntervalInterrupt                  text19       0023CE
_OnSerialInterrupt                    text20       001CEE
_PEIE                                 (abs)        007F96
_PEN                                  (abs)        007E2A
_PORTA                                (abs)        000F80
_RCEN                                 (abs)        007E2B
_RCIE                                 (abs)        007CED
_RCIF                                 (abs)        007CF5
_RCREG                                (abs)        000FAE
_RCSTA                                (abs)        000FAB
_RX9                                  (abs)        007D5E
_SEN                                  (abs)        007E28
_SENDB                                (abs)        007D63
_SPBRG                                (abs)        000FAF
_SPEN                                 (abs)        007D5F
_SSPADD                               (abs)        000FC8
_SSPBUF                               (abs)        000FC9
_SSPCON1                              (abs)        000FC6
_SSPEN                                (abs)        007E35
_SSPIE                                (abs)        007CEB
_SSPIF                                (abs)        007CF3
_SSPM0                                (abs)        007E30
_SSPM1                                (abs)        007E31
_SSPM2                                (abs)        007E32
_SSPM3                                (abs)        007E33
_SSPSTAT                              (abs)        000FC7
_SSPSTATbits                          (abs)        000FC7
_SYNC                                 (abs)        007D64
_SerialBegin                          text10       00235E
_SerialWriteInterrupt                 text21       001984
_SetInterval                          text7        0017FA
_SuperSimpleSerialBegin               text3        00237C
_T0CONbits                            (abs)        000FD5
_TRISA                                (abs)        000F92
_TRISB                                (abs)        000F93
_TRISC3                               (abs)        007CA3
_TRISC4                               (abs)        007CA4
_TRISCbits                            (abs)        000F94
_TX9                                  (abs)        007D66
_TXEN                                 (abs)        007D65
_TXIE                                 (abs)        007CEC
_TXIF                                 (abs)        007CF4
_TXREG                                (abs)        000FAD
_TryToHelp                            text27       001FCC
_TwitterOnReceive                     text14       002142
_TwitterSendToAll                     text15       00240C
_WireOnInterrupt                      text18       00233C
__CFG_BBSIZ$1024                      (abs)        000000
__CFG_BOREN$OFF                       (abs)        000000
__CFG_BORV$3                          (abs)        000000
__CFG_FCMEN$OFF                       (abs)        000000
__CFG_IESO$OFF                        (abs)        000000
__CFG_LPT1OSC$OFF                     (abs)        000000
__CFG_LVP$OFF                         (abs)        000000
__CFG_MCLRE$ON                        (abs)        000000
__CFG_OSC$IRCIO7                      (abs)        000000
__CFG_PBADEN$OFF                      (abs)        000000
__CFG_PWRT$OFF                        (abs)        000000
__CFG_STVREN$OFF                      (abs)        000000
__CFG_WDT$OFF                         (abs)        000000
__CFG_WDTPS$32768                     (abs)        000000
__HRAM                                (abs)        000000
__Habs1                               abs1         000000
__Hbank0                              bank0        000000
__Hbank1                              bank1        000000
__Hbank10                             bank10       000000
__Hbank11                             bank11       000000
__Hbank12                             bank12       000000
__Hbank2                              bank2        000000
__Hbank3                              bank3        000000
__Hbank4                              bank4        000000
__Hbank5                              bank5        000000
__Hbank6                              bank6        000000
__Hbank7                              bank7        000000
__Hbank8                              bank8        000000
__Hbank9                              bank9        000000
__Hbigbss                             bigbss       000000
__Hbigdata                            bigdata      000000
__Hbigram                             bigram       000000
__Hbss                                bss          000000
__HbssBANK0                           bssBANK0     000000
__HbssBANK1                           bssBANK1     000000
__HbssBANK2                           bssBANK2     000000
__HbssBANK3                           bssBANK3     000000
__HbssBANK4                           bssBANK4     000000
__HbssBANK5                           bssBANK5     000000
__HbssBANK6                           bssBANK6     000000
__HbssBANK7                           bssBANK7     000000
__HbssCOMRAM                          bssCOMRAM    000000
__Hcinit                              cinit        000000
__Hclrtext                            clrtext      000000
__Hcomram                             comram       000000
__Hconfig                             config       30000E
__Hconst                              const        000000
__HcstackBANK0                        cstackBANK0  000000
__HcstackCOMRAM                       cstackCOMRAM 000000
__Hdata                               data         000000
__Heeprom_data                        eeprom_data  000000
__Hend_init                           end_init     00001C
__Hfarbss                             farbss       000000
__Hfardata                            fardata      000000
__Hibigdata                           ibigdata     000000
__Hidata                              idata        000000
__Hidloc                              idloc        200008
__Hifardata                           ifardata     000000
__Hinit                               init         000018
__Hintcode                            intcode      000018
__Hintcode_body                       intcode_body 000000
__Hintcodelo                          intcodelo    000018
__Hintentry                           intentry     000000
__Hintret                             intret       000000
__Hintsave_regs                       intsave_regs 000000
__Hirdata                             irdata       000000
__Hmediumconst                        mediumconst  000000
__HnvBANK0                            nvBANK0      000000
__Hnvbit                              nvbit        000000
__Hnvrram                             nvrram       000000
__Hparam                              rparam       000000
__Hpowerup                            powerup      000018
__Hram                                ram          000000
__Hramtop                             ramtop       000D00
__Hrbit                               rbit         000000
__Hrbss                               rbss         000000
__Hrdata                              rdata        000000
__Hreset_vec                          reset_vec    000004
__Hrparam                             rparam       000000
__Hsfr                                sfr          000000
__Hsmallconst                         smallconst   000D6A
__Hstruct                             struct       000000
__Htemp                               temp         000000
__Htext                               text         000000
__Htext0                              text0        000000
__Htext1                              text1        000000
__Htext10                             text10       000000
__Htext12                             text12       000000
__Htext13                             text13       000000
__Htext14                             text14       000000
__Htext15                             text15       000000
__Htext16                             text16       000000
__Htext17                             text17       000000
__Htext18                             text18       000000
__Htext19                             text19       000000
__Htext2                              text2        000000
__Htext20                             text20       000000
__Htext21                             text21       000000
__Htext22                             text22       000000
__Htext23                             text23       000000
__Htext24                             text24       000000
__Htext25                             text25       000000
__Htext26                             text26       000000
__Htext27                             text27       000000
__Htext28                             text28       000000
__Htext29                             text29       000000
__Htext3                              text3        000000
__Htext30                             text30       000000
__Htext31                             text31       000000
__Htext32                             text32       000000
__Htext33                             text33       000000
__Htext34                             text34       000000
__Htext35                             text35       000000
__Htext36                             text36       000000
__Htext37                             text37       000000
__Htext38                             text38       000000
__Htext39                             text39       000000
__Htext4                              text4        000000
__Htext40                             text40       000000
__Htext41                             text41       000000
__Htext42                             text42       000000
__Htext43                             text43       000000
__Htext44                             text44       000000
__Htext5                              text5        000000
__Htext6                              text6        000000
__Htext7                              text7        000000
__Htext8                              text8        000000
__Htext9                              text9        000000
__LRAM                                (abs)        000001
__Labs1                               abs1         000000
__Lbank0                              bank0        000000
__Lbank1                              bank1        000000
__Lbank10                             bank10       000000
__Lbank11                             bank11       000000
__Lbank12                             bank12       000000
__Lbank2                              bank2        000000
__Lbank3                              bank3        000000
__Lbank4                              bank4        000000
__Lbank5                              bank5        000000
__Lbank6                              bank6        000000
__Lbank7                              bank7        000000
__Lbank8                              bank8        000000
__Lbank9                              bank9        000000
__Lbigbss                             bigbss       000000
__Lbigdata                            bigdata      000000
__Lbigram                             bigram       000000
__Lbss                                bss          000000
__LbssBANK0                           bssBANK0     000000
__LbssBANK1                           bssBANK1     000000
__LbssBANK2                           bssBANK2     000000
__LbssBANK3                           bssBANK3     000000
__LbssBANK4                           bssBANK4     000000
__LbssBANK5                           bssBANK5     000000
__LbssBANK6                           bssBANK6     000000
__LbssBANK7                           bssBANK7     000000
__LbssCOMRAM                          bssCOMRAM    000000
__Lcinit                              cinit        000000
__Lclrtext                            clrtext      000000
__Lcomram                             comram       000000
__Lconfig                             config       300000
__Lconst                              const        000000
__LcstackBANK0                        cstackBANK0  000000
__LcstackCOMRAM                       cstackCOMRAM 000000
__Ldata                               data         000000
__Leeprom_data                        eeprom_data  000000
__Lend_init                           end_init     000018
__Lfarbss                             farbss       000000
__Lfardata                            fardata      000000
__Libigdata                           ibigdata     000000
__Lidata                              idata        000000
__Lidloc                              idloc        200000
__Lifardata                           ifardata     000000
__Linit                               init         000018
__Lintcode                            intcode      000008
__Lintcode_body                       intcode_body 000000
__Lintcodelo                          intcodelo    000018
__Lintentry                           intentry     000000
__Lintret                             intret       000000
__Lintsave_regs                       intsave_regs 000000
__Lirdata                             irdata       000000
__Lmediumconst                        mediumconst  000000
__LnvBANK0                            nvBANK0      000000
__Lnvbit                              nvbit        000000
__Lnvrram                             nvrram       000000
__Lparam                              rparam       000000
__Lpowerup                            powerup      000018
__Lram                                ram          000000
__Lramtop                             ramtop       000D00
__Lrbit                               rbit         000000
__Lrbss                               rbss         000000
__Lrdata                              rdata        000000
__Lreset_vec                          reset_vec    000000
__Lrparam                             rparam       000000
__Lsfr                                sfr          000000
__Lsmallconst                         smallconst   000D00
__Lstruct                             struct       000000
__Ltemp                               temp         000000
__Ltext                               text         000000
__Ltext0                              text0        000000
__Ltext1                              text1        000000
__Ltext10                             text10       000000
__Ltext12                             text12       000000
__Ltext13                             text13       000000
__Ltext14                             text14       000000
__Ltext15                             text15       000000
__Ltext16                             text16       000000
__Ltext17                             text17       000000
__Ltext18                             text18       000000
__Ltext19                             text19       000000
__Ltext2                              text2        000000
__Ltext20                             text20       000000
__Ltext21                             text21       000000
__Ltext22                             text22       000000
__Ltext23                             text23       000000
__Ltext24                             text24       000000
__Ltext25                             text25       000000
__Ltext26                             text26       000000
__Ltext27                             text27       000000
__Ltext28                             text28       000000
__Ltext29                             text29       000000
__Ltext3                              text3        000000
__Ltext30                             text30       000000
__Ltext31                             text31       000000
__Ltext32                             text32       000000
__Ltext33                             text33       000000
__Ltext34                             text34       000000
__Ltext35                             text35       000000
__Ltext36                             text36       000000
__Ltext37                             text37       000000
__Ltext38                             text38       000000
__Ltext39                             text39       000000
__Ltext4                              text4        000000
__Ltext40                             text40       000000
__Ltext41                             text41       000000
__Ltext42                             text42       000000
__Ltext43                             text43       000000
__Ltext44                             text44       000000
__Ltext5                              text5        000000
__Ltext6                              text6        000000
__Ltext7                              text7        000000
__Ltext8                              text8        000000
__Ltext9                              text9        000000
__S0                                  (abs)        30000E
__S1                                  (abs)        0007C8
___awmod                              text38       001BA4
___awmod@counter                      cstackCOMRAM 000006
___awmod@dividend                     cstackCOMRAM 000001
___awmod@divisor                      cstackCOMRAM 000003
___awmod@sign                         cstackCOMRAM 000007
___lwdiv                              text39       001F60
___lwdiv@counter                      cstackCOMRAM 000008
___lwdiv@dividend                     cstackCOMRAM 000001
___lwdiv@divisor                      cstackCOMRAM 000003
___lwdiv@quotient                     cstackCOMRAM 000006
___lwmod                              text40       002094
___lwmod@counter                      cstackCOMRAM 00000E
___lwmod@dividend                     cstackCOMRAM 000009
___lwmod@divisor                      cstackCOMRAM 00000B
__accesstop                           (abs)        000060
__activetblptr                        (abs)        000003
__end_of_Async                        text25       001CEE
__end_of_AsyncBegin                   text1        0022BC
__end_of_AsyncTick                    text12       001AF2
__end_of_CountUp                      text28       002236
__end_of_Crash                        text26       0023B4
__end_of_HandleReads                  text23       0014F4
__end_of_HandleSends                  text24       001620
__end_of_IntervalTick                 text13       001714
__end_of_JWireBegin                   text5        0022E8
__end_of_JWireOnInterrupt             text17       0011EE
__end_of_JWireOnRequest               text9        002404
__end_of_JWireRespond                 text36       0023CE
__end_of_JsonGetString                text16       0013AA
__end_of_JsonNew                      text31       0023FA
__end_of_JsonSetString                text32       001DFA
__end_of_JsonSetValue                 text33       001E78
__end_of_LedCounterBegin              text6        00233C
__end_of_MacawBegin                   text2        00240A
__end_of_OnIntervalInterrupt          text19       0023E4
__end_of_OnSerialInterrupt            text20       001D7C
__end_of_SerialBegin                  text10       00237C
__end_of_SerialWriteInterrupt         text21       001A3E
__end_of_SetInterval                  text7        0018C0
__end_of_SuperSimpleSerialBegin       text3        002398
__end_of_TryToHelp                    text27       002036
__end_of_TwitterOnReceive             text14       00218A
__end_of_TwitterSendToAll             text15       00240E
__end_of_WireOnInterrupt              text18       00235E
__end_of___awmod                      text38       001C4C
__end_of___lwdiv                      text39       001FCC
__end_of___lwmod                      text40       0020F0
__end_of__initialization              cinit        001F5A
__end_of__stringdata                  smallconst   000D69
__end_of_call                         text29       001EEE
__end_of_dpowers                      smallconst   000D0A
__end_of_main                         text0        002290
__end_of_onInterrupt                  intcode_body 0017FA
__end_of_onLoop                       text8        00240C
__end_of_onSetup                      text4        002264
__end_of_sprintf                      text34       000FCA
__end_of_strchr                       text42       0021CA
__end_of_strcpy                       text30       002206
__end_of_strcpy2                      text37       002142
__end_of_strlen                       text35       002094
__end_of_strncmp                      text41       001984
__end_of_strstr                       text22       001BA4
__end_ofi2_AsyncBegin                 text43       002314
__initialization                      cinit        001EEE
__mediumconst                         mediumconst  000000
__pbssBANK0                           bssBANK0     000060
__pbssBANK1                           bssBANK1     000100
__pbssBANK2                           bssBANK2     000200
__pbssBANK3                           bssBANK3     000300
__pbssBANK4                           bssBANK4     000400
__pbssBANK5                           bssBANK5     000500
__pbssBANK6                           bssBANK6     000600
__pbssBANK7                           bssBANK7     000700
__pbssCOMRAM                          bssCOMRAM    000052
__pcinit                              cinit        001EEE
__pcstackBANK0                        cstackBANK0  0000AF
__pcstackCOMRAM                       cstackCOMRAM 000001
__pintcode                            intcode      000008
__pintcode_body                       intcode_body 001714
__pnvBANK0                            nvBANK0      0000B4
__psmallconst                         smallconst   000D00
__ptext0                              text0        002264
__ptext1                              text1        002290
__ptext10                             text10       00235E
__ptext12                             text12       001A3E
__ptext13                             text13       001620
__ptext14                             text14       002142
__ptext15                             text15       00240C
__ptext16                             text16       0011EE
__ptext17                             text17       000FCA
__ptext18                             text18       00233C
__ptext19                             text19       0023CE
__ptext2                              text2        002404
__ptext20                             text20       001CEE
__ptext21                             text21       001984
__ptext22                             text22       001AF2
__ptext23                             text23       0013AA
__ptext24                             text24       0014F4
__ptext25                             text25       001C4C
__ptext26                             text26       002398
__ptext27                             text27       001FCC
__ptext28                             text28       002206
__ptext29                             text29       001E78
__ptext3                              text3        00237C
__ptext30                             text30       0021CA
__ptext31                             text31       0023E4
__ptext32                             text32       001D7C
__ptext33                             text33       001DFA
__ptext34                             text34       000D6A
__ptext35                             text35       002036
__ptext36                             text36       0023B4
__ptext37                             text37       0020F0
__ptext38                             text38       001BA4
__ptext39                             text39       001F60
__ptext4                              text4        002236
__ptext40                             text40       002094
__ptext41                             text41       0018C0
__ptext42                             text42       00218A
__ptext43                             text43       0022E8
__ptext44                             text44       000000
__ptext5                              text5        0022BC
__ptext6                              text6        002314
__ptext7                              text7        0017FA
__ptext8                              text8        00240A
__ptext9                              text9        0023FA
__ramtop                              ramtop       000D00
__size_of_Async                       (abs)        000000
__size_of_AsyncBegin                  (abs)        000000
__size_of_AsyncTick                   (abs)        000000
__size_of_CountUp                     (abs)        000000
__size_of_Crash                       (abs)        000000
__size_of_HandleReads                 (abs)        000000
__size_of_HandleSends                 (abs)        000000
__size_of_IntervalTick                (abs)        000000
__size_of_JWireBegin                  (abs)        000000
__size_of_JWireOnInterrupt            (abs)        000000
__size_of_JWireOnRequest              (abs)        000000
__size_of_JWireRespond                (abs)        000000
__size_of_JsonGetString               (abs)        000000
__size_of_JsonNew                     (abs)        000000
__size_of_JsonSetString               (abs)        000000
__size_of_JsonSetValue                (abs)        000000
__size_of_LedCounterBegin             (abs)        000000
__size_of_MacawBegin                  (abs)        000000
__size_of_OnIntervalInterrupt         (abs)        000000
__size_of_OnSerialInterrupt           (abs)        000000
__size_of_SerialBegin                 (abs)        000000
__size_of_SerialWriteInterrupt        (abs)        000000
__size_of_SetInterval                 (abs)        000000
__size_of_SuperSimpleSerialBegin      (abs)        000000
__size_of_TryToHelp                   (abs)        000000
__size_of_TwitterOnReceive            (abs)        000000
__size_of_TwitterSendToAll            (abs)        000000
__size_of_WireOnInterrupt             (abs)        000000
__size_of___awmod                     (abs)        000000
__size_of___lwdiv                     (abs)        000000
__size_of___lwmod                     (abs)        000000
__size_of_call                        (abs)        000000
__size_of_main                        (abs)        000000
__size_of_onInterrupt                 (abs)        000000
__size_of_onLoop                      (abs)        000000
__size_of_onSetup                     (abs)        000000
__size_of_sprintf                     (abs)        000000
__size_of_strchr                      (abs)        000000
__size_of_strcpy                      (abs)        000000
__size_of_strcpy2                     (abs)        000000
__size_of_strlen                      (abs)        000000
__size_of_strncmp                     (abs)        000000
__size_of_strstr                      (abs)        000000
__size_ofi2_AsyncBegin                (abs)        000000
__smallconst                          smallconst   000D00
__stringdata                          smallconst   000D0A
_buffer                               bssBANK7     000700
_bufferPosition                       bssBANK0     000082
_bufferReadPos                        bssBANK0     000084
_bufferSerial                         bssBANK3     000300
_bufferWritePos                       bssCOMRAM    000058
_call                                 text29       001E78
_callback                             bssBANK0     000086
_callbackA                            bssBANK0     000088
_callbackAString                      bssBANK3     000364
_callbackB                            bssBANK0     00008A
_callbackBString                      bssBANK4     000400
_callbackC                            bssBANK0     00008C
_callbackCString                      bssBANK4     000464
_dpowers                              smallconst   000D00
_isDoneTransmitting                   bssBANK0     00008E
_jWireEnabled                         nvBANK0      0000B4
_locked                               bssBANK0     000090
_main                                 text0        002264
_name                                 bssBANK0     00009B
_onInterrupt                          intcode      000008
_onLoop                               text8        00240A
_onSetup                              text4        002236
_personBeingHelped                    bssCOMRAM    00005A
_receiveCallback                      bssBANK0     000092
_requestCallback                      nvBANK0      0000B6
_result                               bssBANK2     000200
_sessionA                             bssBANK0     000060
_sessionB                             bssBANK0     000064
_sessionC                             bssBANK0     000068
_sessionD                             bssBANK0     00006C
_sprintf                              text34       000D6A
_state                                bssCOMRAM    00005C
_strchr                               text42       00218A
_strcpy                               text30       0021CA
_strcpy2                              text37       0020F0
_strlen                               text35       002036
_strncmp                              text41       0018C0
_strstr                               text22       001AF2
_tempBuffer                           bssBANK6     000600
_wireMasterEnabled                    bssBANK0     000094
_wireSendA                            bssBANK1     000100
_wireSendB                            bssBANK1     00016E
_writeBuffer                          bssBANK2     000264
_writeBufferPosition                  bssBANK0     000096
_writeBufferPositionOpen              bssCOMRAM    00005E
call@name                             bssBANK5     000500
call@value                            bssBANK0     000098
end_of_initialization                 cinit        001F5A
i2_AsyncBegin                         text43       0022E8
int_func                              intcode_body 001714
interval@callbackA                    bssBANK0     000070
interval@callbackB                    bssBANK0     000074
interval@callbackC                    bssBANK0     000078
intlevel0                             text         000000
intlevel1                             text         000000
intlevel2                             text         000000
intlevel3                             text         000000
sprintf@_val                          cstackCOMRAM 00001F
sprintf@ap                            cstackCOMRAM 00001D
sprintf@c                             cstackCOMRAM 000023
sprintf@f                             cstackCOMRAM 000011
sprintf@flag                          cstackCOMRAM 00001B
sprintf@prec                          cstackCOMRAM 00001C
sprintf@sp                            cstackCOMRAM 00000F
start                                 init         000018
start_initialization                  cinit        001EEE
strchr@chr                            cstackCOMRAM 000003
strchr@ptr                            cstackCOMRAM 000001
strcpy2@dest                          cstackCOMRAM 000001
strcpy2@loc                           cstackCOMRAM 000003
strcpy@cp                             cstackCOMRAM 000005
strcpy@from                           cstackCOMRAM 000003
strcpy@to                             cstackCOMRAM 000001
strlen@cp                             cstackCOMRAM 000005
strlen@s                              cstackCOMRAM 000001
strncmp@len                           cstackCOMRAM 00000B
strncmp@s1                            cstackCOMRAM 000007
strncmp@s2                            cstackCOMRAM 000009
strstr@s1                             cstackCOMRAM 000010
strstr@s2                             cstackCOMRAM 000012


FUNCTION INFORMATION:

 *************** function _main *****************
 Defined at:
		line 26 in file "jspic.c"
 Parameters:    Size  Location     Type
		None
 Auto vars:     Size  Location     Type
		None
 Return value:  Size  Location     Type
                  2  230[COMRAM] int 
 Registers used:
		wreg, fsr0l, fsr0h, fsr1l, fsr1h, fsr2l, fsr2h, status,2, status,0, pclat, tosl, structret, tblptrl, tblptrh, tblptru, prodl, prodh, bsr, cstack
 Tracked objects:
		On entry : 
		On exit  : 
		Unchanged: 
 Data sizes:     COMRAM   BANK0   BANK1   BANK2   BANK3   BANK4   BANK5   BANK6   BANK7   BANK8   BANK9  BANK10  BANK11  BANK12
      Params:         0       0       0       0       0       0       0       0       0       0       0       0       0       0
      Locals:         0       0       0       0       0       0       0       0       0       0       0       0       0       0
      Temps:          0       0       0       0       0       0       0       0       0       0       0       0       0       0
      Totals:         0       0       0       0       0       0       0       0       0       0       0       0       0       0
Total ram usage:        0 bytes
 Hardware stack levels required when called:    8
 This function calls:
		_MacawBegin
		_SuperSimpleSerialBegin
		_AsyncBegin
		_onSetup
		_LedCounterBegin
		_onLoop
 This function is called by:
		Startup code after reset
 This function uses a non-reentrant model


 *************** function _AsyncBegin *****************
 Defined at:
		line 55 in file "async.c"
 Parameters:    Size  Location     Type
		None
 Auto vars:     Size  Location     Type
		None
 Return value:  Size  Location     Type
		None               void
 Registers used:
		wreg, status,2
 Tracked objects:
		On entry : 
		On exit  : 
		Unchanged: 
 Data sizes:     COMRAM   BANK0   BANK1   BANK2   BANK3   BANK4   BANK5   BANK6   BANK7   BANK8   BANK9  BANK10  BANK11  BANK12
      Params:         0       0       0       0       0       0       0       0       0       0       0       0       0       0
      Locals:         0       0       0       0       0       0       0       0       0       0       0       0       0       0
      Temps:          0       0       0       0       0       0       0       0       0       0       0       0       0       0
      Totals:         0       0       0       0       0       0       0       0       0       0       0       0       0       0
Total ram usage:        0 bytes
 Hardware stack levels used:    1
 Hardware stack levels required when called:    6
 This function calls:
		Nothing
 This function is called by:
		_main
 This function uses a non-reentrant model


 *************** function _MacawBegin *****************
 Defined at:
		line 3 in file "macaw.c"
 Parameters:    Size  Location     Type
		None
 Auto vars:     Size  Location     Type
		None
 Return value:  Size  Location     Type
		None               void
 Registers used:
		wreg, status,2
 Tracked objects:
		On entry : 
		On exit  : 
		Unchanged: 
 Data sizes:     COMRAM   BANK0   BANK1   BANK2   BANK3   BANK4   BANK5   BANK6   BANK7   BANK8   BANK9  BANK10  BANK11  BANK12
      Params:         0       0       0       0       0       0       0       0       0       0       0       0       0       0
      Locals:         0       0       0       0       0       0       0       0       0       0       0       0       0       0
      Temps:          0       0       0       0       0       0       0       0       0       0       0       0       0       0
      Totals:         0       0       0       0       0       0       0       0       0       0       0       0       0       0
Total ram usage:        0 bytes
 Hardware stack levels used:    1
 Hardware stack levels required when called:    6
 This function calls:
		Nothing
 This function is called by:
		_main
 This function uses a non-reentrant model


 *************** function _SuperSimpleSerialBegin *****************
 Defined at:
		line 3 in file "superSimpleSerial.c"
 Parameters:    Size  Location     Type
		None
 Auto vars:     Size  Location     Type
		None
 Return value:  Size  Location     Type
		None               void
 Registers used:
		wreg, status,2
 Tracked objects:
		On entry : 
		On exit  : 
		Unchanged: 
 Data sizes:     COMRAM   BANK0   BANK1   BANK2   BANK3   BANK4   BANK5   BANK6   BANK7   BANK8   BANK9  BANK10  BANK11  BANK12
      Params:         0       0       0       0       0       0       0       0       0       0       0       0       0       0
      Locals:         0       0       0       0       0       0       0       0       0       0       0       0       0       0
      Temps:          0       0       0       0       0       0       0       0       0       0       0       0       0       0
      Totals:         0       0       0       0       0       0       0       0       0       0       0       0       0       0
Total ram usage:        0 bytes
 Hardware stack levels used:    1
 Hardware stack levels required when called:    6
 This function calls:
		Nothing
 This function is called by:
		_main
 This function uses a non-reentrant model


 *************** function _onSetup *****************
 Defined at:
		line 18 in file "main.c"
 Parameters:    Size  Location     Type
		None
 Auto vars:     Size  Location     Type
		None
 Return value:  Size  Location     Type
		None               void
 Registers used:
		wreg, status,2, status,0, cstack
 Tracked objects:
		On entry : 
		On exit  : 
		Unchanged: 
 Data sizes:     COMRAM   BANK0   BANK1   BANK2   BANK3   BANK4   BANK5   BANK6   BANK7   BANK8   BANK9  BANK10  BANK11  BANK12
      Params:         0       0       0       0       0       0       0       0       0       0       0       0       0       0
      Locals:         0       0       0       0       0       0       0       0       0       0       0       0       0       0
      Temps:          0       0       0       0       0       0       0       0       0       0       0       0       0       0
      Totals:         0       0       0       0       0       0       0       0       0       0       0       0       0       0
Total ram usage:        0 bytes
 Hardware stack levels used:    1
 Hardware stack levels required when called:    7
 This function calls:
		_SerialBegin
		_JWireBegin
		_JWireOnRequest
 This function is called by:
		_main
 This function uses a non-reentrant model


 *************** function _JWireBegin *****************
 Defined at:
		line 113 in file "jwire.c"
 Parameters:    Size  Location     Type
  id              2    0[BANK0 ] int 
 Auto vars:     Size  Location     Type
		None
 Return value:  Size  Location     Type
		None               void
 Registers used:
		wreg, status,2, status,0
 Tracked objects:
		On entry : 
		On exit  : 
		Unchanged: 
 Data sizes:     COMRAM   BANK0   BANK1   BANK2   BANK3   BANK4   BANK5   BANK6   BANK7   BANK8   BANK9  BANK10  BANK11  BANK12
      Params:         0       2       0       0       0       0       0       0       0       0       0       0       0       0
      Locals:         0       0       0       0       0       0       0       0       0       0       0       0       0       0
      Temps:          0       0       0       0       0       0       0       0       0       0       0       0       0       0
      Totals:         0       2       0       0       0       0       0       0       0       0       0       0       0       0
Total ram usage:        2 bytes
 Hardware stack levels used:    1
 Hardware stack levels required when called:    6
 This function calls:
		Nothing
 This function is called by:
		_onSetup
		_TwitterAddWireSlave
 This function uses a non-reentrant model


 *************** function _LedCounterBegin *****************
 Defined at:
		line 13 in file "ledCounter.c"
 Parameters:    Size  Location     Type
		None
 Auto vars:     Size  Location     Type
		None
 Return value:  Size  Location     Type
		None               void
 Registers used:
		wreg, status,2, status,0, cstack
 Tracked objects:
		On entry : 
		On exit  : 
		Unchanged: 
 Data sizes:     COMRAM   BANK0   BANK1   BANK2   BANK3   BANK4   BANK5   BANK6   BANK7   BANK8   BANK9  BANK10  BANK11  BANK12
      Params:         0       0       0       0       0       0       0       0       0       0       0       0       0       0
      Locals:         0       0       0       0       0       0       0       0       0       0       0       0       0       0
      Temps:          0       0       0       0       0       0       0       0       0       0       0       0       0       0
      Totals:         0       0       0       0       0       0       0       0       0       0       0       0       0       0
Total ram usage:        0 bytes
 Hardware stack levels used:    1
 Hardware stack levels required when called:    7
 This function calls:
		_SetInterval
 This function is called by:
		_main
 This function uses a non-reentrant model


 *************** function _SetInterval *****************
 Defined at:
		line 34 in file "interval.c"
 Parameters:    Size  Location     Type
  delayInMs       2    0[BANK0 ] int 
  callbackToUs    2    2[BANK0 ] PTR FTN()void 
		 -> CountUp(0), 
 Auto vars:     Size  Location     Type
		None
 Return value:  Size  Location     Type
		None               void
 Registers used:
		wreg, status,2, status,0
 Tracked objects:
		On entry : 
		On exit  : 
		Unchanged: 
 Data sizes:     COMRAM   BANK0   BANK1   BANK2   BANK3   BANK4   BANK5   BANK6   BANK7   BANK8   BANK9  BANK10  BANK11  BANK12
      Params:         0       4       0       0       0       0       0       0       0       0       0       0       0       0
      Locals:         0       0       0       0       0       0       0       0       0       0       0       0       0       0
      Temps:          0       1       0       0       0       0       0       0       0       0       0       0       0       0
      Totals:         0       5       0       0       0       0       0       0       0       0       0       0       0       0
Total ram usage:        5 bytes
 Hardware stack levels used:    1
 Hardware stack levels required when called:    6
 This function calls:
		Nothing
 This function is called by:
		_LedCounterBegin
 This function uses a non-reentrant model


 *************** function _onLoop *****************
 Defined at:
		line 26 in file "main.c"
 Parameters:    Size  Location     Type
		None
 Auto vars:     Size  Location     Type
		None
 Return value:  Size  Location     Type
		None               void
 Registers used:
		None
 Tracked objects:
		On entry : 
		On exit  : 
		Unchanged: 
 Data sizes:     COMRAM   BANK0   BANK1   BANK2   BANK3   BANK4   BANK5   BANK6   BANK7   BANK8   BANK9  BANK10  BANK11  BANK12
      Params:         0       0       0       0       0       0       0       0       0       0       0       0       0       0
      Locals:         0       0       0       0       0       0       0       0       0       0       0       0       0       0
      Temps:          0       0       0       0       0       0       0       0       0       0       0       0       0       0
      Totals:         0       0       0       0       0       0       0       0       0       0       0       0       0       0
Total ram usage:        0 bytes
 Hardware stack levels used:    1
 Hardware stack levels required when called:    6
 This function calls:
		Nothing
 This function is called by:
		_main
 This function uses a non-reentrant model


 *************** function _JWireOnRequest *****************
 Defined at:
		line 108 in file "jwire.c"
 Parameters:    Size  Location     Type
  callbackToUs    2    0[BANK0 ] PTR FTN()void 
		 -> call(0), 
 Auto vars:     Size  Location     Type
		None
 Return value:  Size  Location     Type
		None               void
 Registers used:
		None
 Tracked objects:
		On entry : 
		On exit  : 
		Unchanged: 
 Data sizes:     COMRAM   BANK0   BANK1   BANK2   BANK3   BANK4   BANK5   BANK6   BANK7   BANK8   BANK9  BANK10  BANK11  BANK12
      Params:         0       2       0       0       0       0       0       0       0       0       0       0       0       0
      Locals:         0       0       0       0       0       0       0       0       0       0       0       0       0       0
      Temps:          0       0       0       0       0       0       0       0       0       0       0       0       0       0
      Totals:         0       2       0       0       0       0       0       0       0       0       0       0       0       0
Total ram usage:        2 bytes
 Hardware stack levels used:    1
 Hardware stack levels required when called:    6
 This function calls:
		Nothing
 This function is called by:
		_onSetup
 This function uses a non-reentrant model


 *************** function _SerialBegin *****************
 Defined at:
		line 34 in file "serial.c"
 Parameters:    Size  Location     Type
		None
 Auto vars:     Size  Location     Type
		None
 Return value:  Size  Location     Type
		None               void
 Registers used:
		wreg, status,2
 Tracked objects:
		On entry : 
		On exit  : 
		Unchanged: 
 Data sizes:     COMRAM   BANK0   BANK1   BANK2   BANK3   BANK4   BANK5   BANK6   BANK7   BANK8   BANK9  BANK10  BANK11  BANK12
      Params:         0       0       0       0       0       0       0       0       0       0       0       0       0       0
      Locals:         0       0       0       0       0       0       0       0       0       0       0       0       0       0
      Temps:          0       0       0       0       0       0       0       0       0       0       0       0       0       0
      Totals:         0       0       0       0       0       0       0       0       0       0       0       0       0       0
Total ram usage:        0 bytes
 Hardware stack levels used:    1
 Hardware stack levels required when called:    6
 This function calls:
		Nothing
 This function is called by:
		_onSetup
 This function uses a non-reentrant model


 *************** function _onInterrupt *****************
 Defined at:
		line 3 in file "interrupts.c"
 Parameters:    Size  Location     Type
		None
 Auto vars:     Size  Location     Type
		None
 Return value:  Size  Location     Type
		None               void
 Registers used:
		wreg, fsr0l, fsr0h, fsr1l, fsr1h, fsr2l, fsr2h, status,2, status,0, pclat, tosl, tblptrl, tblptrh, tblptru, prodl, prodh, cstack
 Tracked objects:
		On entry : 
		On exit  : 
		Unchanged: 
 Data sizes:     COMRAM   BANK0   BANK1   BANK2   BANK3   BANK4   BANK5   BANK6   BANK7   BANK8   BANK9  BANK10  BANK11  BANK12
      Params:         0       0       0       0       0       0       0       0       0       0       0       0       0       0
      Locals:         0       0       0       0       0       0       0       0       0       0       0       0       0       0
      Temps:         14       0       0       0       0       0       0       0       0       0       0       0       0       0
      Totals:        14       0       0       0       0       0       0       0       0       0       0       0       0       0
Total ram usage:       14 bytes
 Hardware stack levels used:    1
 Hardware stack levels required when called:    5
 This function calls:
		_JWireOnInterrupt
		_WireOnInterrupt
		_OnIntervalInterrupt
		_OnSerialInterrupt
		_SerialWriteInterrupt
		_AsyncTick
		_Crash
 This function is called by:
		Interrupt level 2
 This function uses a non-reentrant model


 *************** function _AsyncTick *****************
 Defined at:
		line 34 in file "async.c"
 Parameters:    Size  Location     Type
		None
 Auto vars:     Size  Location     Type
		None
 Return value:  Size  Location     Type
		None               void
 Registers used:
		wreg, fsr0l, fsr0h, fsr1l, fsr1h, fsr2l, fsr2h, status,2, status,0, pclat, tosl, tblptrl, tblptrh, tblptru, prodl, prodh, cstack
 Tracked objects:
		On entry : 
		On exit  : 
		Unchanged: 
 Data sizes:     COMRAM   BANK0   BANK1   BANK2   BANK3   BANK4   BANK5   BANK6   BANK7   BANK8   BANK9  BANK10  BANK11  BANK12
      Params:         0       0       0       0       0       0       0       0       0       0       0       0       0       0
      Locals:         0       0       0       0       0       0       0       0       0       0       0       0       0       0
      Temps:          0       0       0       0       0       0       0       0       0       0       0       0       0       0
      Totals:         0       0       0       0       0       0       0       0       0       0       0       0       0       0
Total ram usage:        0 bytes
 Hardware stack levels used:    1
 Hardware stack levels required when called:    4
 This function calls:
		_IntervalTick
		Absolute function
		_TwitterOnReceive
		i2_AsyncBegin
 This function is called by:
		_onInterrupt
 This function uses a non-reentrant model


 *************** function _IntervalTick *****************
 Defined at:
		line 14 in file "interval.c"
 Parameters:    Size  Location     Type
		None
 Auto vars:     Size  Location     Type
		None
 Return value:  Size  Location     Type
		None               void
 Registers used:
		wreg, status,2, status,0, pclat, tosl, cstack
 Tracked objects:
		On entry : 
		On exit  : 
		Unchanged: 
 Data sizes:     COMRAM   BANK0   BANK1   BANK2   BANK3   BANK4   BANK5   BANK6   BANK7   BANK8   BANK9  BANK10  BANK11  BANK12
      Params:         0       0       0       0       0       0       0       0       0       0       0       0       0       0
      Locals:         0       0       0       0       0       0       0       0       0       0       0       0       0       0
      Temps:          0       0       0       0       0       0       0       0       0       0       0       0       0       0
      Totals:         0       0       0       0       0       0       0       0       0       0       0       0       0       0
Total ram usage:        0 bytes
 Hardware stack levels used:    1
 Hardware stack levels required when called:    1
 This function calls:
		___awmod
		_CountUp
		Absolute function
 This function is called by:
		_OnIntervalInterrupt
		_AsyncTick
 This function uses a non-reentrant model


 *************** function _TwitterOnReceive *****************
 Defined at:
		line 29 in file "twitter.c"
 Parameters:    Size  Location     Type
		None
 Auto vars:     Size  Location     Type
  message         2   65[COMRAM] PTR unsigned char 
		 -> callbackCString(100), callbackBString(100), callbackAString(100), NULL(0), 
 Return value:  Size  Location     Type
		None               void
 Registers used:
		wreg, fsr0l, fsr0h, fsr1l, fsr1h, fsr2l, fsr2h, status,2, status,0, tblptrl, tblptrh, tblptru, prodl, prodh, cstack
 Tracked objects:
		On entry : 
		On exit  : 
		Unchanged: 
 Data sizes:     COMRAM   BANK0   BANK1   BANK2   BANK3   BANK4   BANK5   BANK6   BANK7   BANK8   BANK9  BANK10  BANK11  BANK12
      Params:         0       0       0       0       0       0       0       0       0       0       0       0       0       0
      Locals:         2       0       0       0       0       0       0       0       0       0       0       0       0       0
      Temps:          0       0       0       0       0       0       0       0       0       0       0       0       0       0
      Totals:         2       0       0       0       0       0       0       0       0       0       0       0       0       0
Total ram usage:        2 bytes
 Hardware stack levels used:    1
 Hardware stack levels required when called:    3
 This function calls:
		_JsonGetString
		_TwitterSendToAll
 This function is called by:
		_TwitterAddWireSlave
		_AsyncTick
 This function uses a non-reentrant model


 *************** function _TwitterSendToAll *****************
 Defined at:
		line 25 in file "twitter.c"
 Parameters:    Size  Location     Type
  message         2    0[COMRAM] PTR unsigned char 
		 -> callbackCString(100), callbackBString(100), callbackAString(100), NULL(0), 
		 -> tempBuffer(200), 
 Auto vars:     Size  Location     Type
		None
 Return value:  Size  Location     Type
		None               void
 Registers used:
		None
 Tracked objects:
		On entry : 
		On exit  : 
		Unchanged: 
 Data sizes:     COMRAM   BANK0   BANK1   BANK2   BANK3   BANK4   BANK5   BANK6   BANK7   BANK8   BANK9  BANK10  BANK11  BANK12
      Params:         2       0       0       0       0       0       0       0       0       0       0       0       0       0
      Locals:         0       0       0       0       0       0       0       0       0       0       0       0       0       0
      Temps:          0       0       0       0       0       0       0       0       0       0       0       0       0       0
      Totals:         2       0       0       0       0       0       0       0       0       0       0       0       0       0
Total ram usage:        2 bytes
 Hardware stack levels used:    1
 This function calls:
		Nothing
 This function is called by:
		_TwitterOnReceive
		_Tweet
 This function uses a non-reentrant model


 *************** function _JsonGetString *****************
 Defined at:
		line 83 in file "json.c"
 Parameters:    Size  Location     Type
  input           2   35[COMRAM] PTR unsigned char 
		 -> callbackCString(100), callbackBString(100), callbackAString(100), NULL(0), 
  key             2   37[COMRAM] PTR unsigned char 
		 -> STR_1(3), 
  string          2   39[COMRAM] PTR unsigned char 
		 -> tempBuffer(200), 
 Auto vars:     Size  Location     Type
  i               2   59[COMRAM] int 
  length_sub_s    4   55[COMRAM] unsigned long 
  length_subst    4   49[COMRAM] unsigned long 
  length_subst    4   45[COMRAM] unsigned long 
  p               2   61[COMRAM] PTR unsigned char 
		 -> result(100), 
  substr2_s       2   53[COMRAM] PTR unsigned char 
		 -> callbackCString(100), callbackBString(100), callbackAString(100), NULL(0), 
  substr_s        2   63[COMRAM] PTR unsigned char 
		 -> callbackCString(100), callbackBString(100), callbackAString(100), NULL(0), 
 Return value:  Size  Location     Type
                  2   35[COMRAM] int 
 Registers used:
		wreg, fsr0l, fsr0h, fsr1l, fsr1h, fsr2l, fsr2h, status,2, status,0, tblptrl, tblptrh, tblptru, prodl, prodh, cstack
 Tracked objects:
		On entry : 
		On exit  : 
		Unchanged: 
 Data sizes:     COMRAM   BANK0   BANK1   BANK2   BANK3   BANK4   BANK5   BANK6   BANK7   BANK8   BANK9  BANK10  BANK11  BANK12
      Params:         6       0       0       0       0       0       0       0       0       0       0       0       0       0
      Locals:        20       0       0       0       0       0       0       0       0       0       0       0       0       0
      Temps:          4       0       0       0       0       0       0       0       0       0       0       0       0       0
      Totals:        30       0       0       0       0       0       0       0       0       0       0       0       0       0
Total ram usage:       30 bytes
 Hardware stack levels used:    1
 Hardware stack levels required when called:    2
 This function calls:
		_sprintf
		_strstr
		_strlen
		_strcpy2
 This function is called by:
		_TwitterOnReceive
 This function uses a non-reentrant model


 *************** function _JWireOnInterrupt *****************
 Defined at:
		line 25 in file "jwire.c"
 Parameters:    Size  Location     Type
		None
 Auto vars:     Size  Location     Type
  temp            2   49[COMRAM] int 
  data            2   51[COMRAM] int 
  addr            2   47[COMRAM] int 
 Return value:  Size  Location     Type
		None               void
 Registers used:
		wreg, fsr0l, fsr0h, fsr1l, fsr1h, fsr2l, fsr2h, status,2, status,0, pclat, tosl, tblptrl, tblptrh, tblptru, prodl, prodh, cstack
 Tracked objects:
		On entry : 
		On exit  : 
		Unchanged: 
 Data sizes:     COMRAM   BANK0   BANK1   BANK2   BANK3   BANK4   BANK5   BANK6   BANK7   BANK8   BANK9  BANK10  BANK11  BANK12
      Params:         0       0       0       0       0       0       0       0       0       0       0       0       0       0
      Locals:         6       0       0       0       0       0       0       0       0       0       0       0       0       0
      Temps:          0       0       0       0       0       0       0       0       0       0       0       0       0       0
      Totals:         6       0       0       0       0       0       0       0       0       0       0       0       0       0
Total ram usage:        6 bytes
 Hardware stack levels used:    1
 Hardware stack levels required when called:    4
 This function calls:
		_Async
		_call
		Absolute function
 This function is called by:
		_onInterrupt
 This function uses a non-reentrant model


 *************** function _WireOnInterrupt *****************
 Defined at:
		line 174 in file "wireMaster.c"
 Parameters:    Size  Location     Type
		None
 Auto vars:     Size  Location     Type
		None
 Return value:  Size  Location     Type
		None               void
 Registers used:
		wreg, fsr1l, fsr1h, fsr2l, fsr2h, status,2, status,0, cstack
 Tracked objects:
		On entry : 
		On exit  : 
		Unchanged: 
 Data sizes:     COMRAM   BANK0   BANK1   BANK2   BANK3   BANK4   BANK5   BANK6   BANK7   BANK8   BANK9  BANK10  BANK11  BANK12
      Params:         0       0       0       0       0       0       0       0       0       0       0       0       0       0
      Locals:         0       0       0       0       0       0       0       0       0       0       0       0       0       0
      Temps:          0       0       0       0       0       0       0       0       0       0       0       0       0       0
[...]
      Temps:          2       0       0       0       0       0       0       0       0       0       0       0       0       0
      Totals:        12       0       0       0       0       0       0       0       0       0       0       0       0       0
Total ram usage:       12 bytes
 Hardware stack levels used:    1
 Hardware stack levels required when called:    2
 This function calls:
		_strlen
		_strcpy2
		_sprintf
 This function is called by:
		_call
		_Tweet
 This function uses a non-reentrant model


 *************** function _sprintf *****************
 Defined at:
		line 493 in file "/Applications/microchip/xc8/v1.12/sources/doprnt.c"
 Parameters:    Size  Location     Type
  sp              2   14[COMRAM] PTR unsigned char 
		 -> result(100), callbackCString(100), callbackBString(100), callbackAString(100), 
		 -> NULL(0), tempBuffer(200), 
  f               2   16[COMRAM] PTR const unsigned char 
		 -> STR_12(7), STR_11(14), STR_10(16), STR_7(7), 
		 -> STR_6(4), 
 Auto vars:     Size  Location     Type
  _val            4   30[COMRAM] struct .
  ap              2   28[COMRAM] PTR void [1]
		 -> ?_sprintf(2), 
  c               1   34[COMRAM] char 
  prec            1   27[COMRAM] char 
  flag            1   26[COMRAM] unsigned char 
 Return value:  Size  Location     Type
                  2   14[COMRAM] int 
 Registers used:
		wreg, fsr0l, fsr0h, fsr2l, fsr2h, status,2, status,0, tblptrl, tblptrh, tblptru, prodl, prodh, cstack
 Tracked objects:
		On entry : 
		On exit  : 
		Unchanged: 
 Data sizes:     COMRAM   BANK0   BANK1   BANK2   BANK3   BANK4   BANK5   BANK6   BANK7   BANK8   BANK9  BANK10  BANK11  BANK12
      Params:        10       0       0       0       0       0       0       0       0       0       0       0       0       0
      Locals:         9       0       0       0       0       0       0       0       0       0       0       0       0       0
      Temps:          2       0       0       0       0       0       0       0       0       0       0       0       0       0
      Totals:        21       0       0       0       0       0       0       0       0       0       0       0       0       0
Total ram usage:       21 bytes
 Hardware stack levels used:    1
 Hardware stack levels required when called:    1
 This function calls:
		___lwdiv
		___lwmod
 This function is called by:
		_JsonNew
		_JsonSetString
		_JsonSetValue
		_JsonGetString
		_JsonGetValue
 This function uses a non-reentrant model


 *************** function _strlen *****************
 Defined at:
		line 5 in file "/Applications/microchip/xc8/v1.12/sources/strlen.c"
 Parameters:    Size  Location     Type
  s               2    0[COMRAM] PTR const unsigned char 
		 -> STR_15(3), STR_14(2), STR_9(3), STR_8(2), 
		 -> result(100), callbackCString(100), callbackBString(100), callbackAString(100), 
		 -> NULL(0), tempBuffer(200), 
 Auto vars:     Size  Location     Type
  cp              2    4[COMRAM] PTR const unsigned char 
		 -> STR_15(3), STR_14(2), STR_9(3), STR_8(2), 
		 -> result(100), callbackCString(100), callbackBString(100), callbackAString(100), 
		 -> NULL(0), tempBuffer(200), 
 Return value:  Size  Location     Type
                  2    0[COMRAM] unsigned int 
 Registers used:
		wreg, fsr0l, fsr0h, status,2, status,0, tblptrl, tblptrh, tblptru
 Tracked objects:
		On entry : 
		On exit  : 
		Unchanged: 
 Data sizes:     COMRAM   BANK0   BANK1   BANK2   BANK3   BANK4   BANK5   BANK6   BANK7   BANK8   BANK9  BANK10  BANK11  BANK12
      Params:         2       0       0       0       0       0       0       0       0       0       0       0       0       0
      Locals:         2       0       0       0       0       0       0       0       0       0       0       0       0       0
      Temps:          2       0       0       0       0       0       0       0       0       0       0       0       0       0
      Totals:         6       0       0       0       0       0       0       0       0       0       0       0       0       0
Total ram usage:        6 bytes
 Hardware stack levels used:    1
 This function calls:
		Nothing
 This function is called by:
		_JsonSetString
		_JsonSetValue
		_JsonGetString
		_strstr
		_JsonGetValue
		_SerialWrite
 This function uses a non-reentrant model


 *************** function _JWireRespond *****************
 Defined at:
		line 133 in file "jwire.c"
 Parameters:    Size  Location     Type
  msg             2    4[COMRAM] PTR unsigned char 
		 -> callbackCString(100), callbackBString(100), callbackAString(100), NULL(0), 
 Auto vars:     Size  Location     Type
		None
 Return value:  Size  Location     Type
		None               void
 Registers used:
		wreg, fsr1l, fsr1h, fsr2l, fsr2h, status,2, status,0, cstack
 Tracked objects:
		On entry : 
		On exit  : 
		Unchanged: 
 Data sizes:     COMRAM   BANK0   BANK1   BANK2   BANK3   BANK4   BANK5   BANK6   BANK7   BANK8   BANK9  BANK10  BANK11  BANK12
      Params:         2       0       0       0       0       0       0       0       0       0       0       0       0       0
      Locals:         0       0       0       0       0       0       0       0       0       0       0       0       0       0
      Temps:          0       0       0       0       0       0       0       0       0       0       0       0       0       0
      Totals:         2       0       0       0       0       0       0       0       0       0       0       0       0       0
Total ram usage:        2 bytes
 Hardware stack levels used:    1
 Hardware stack levels required when called:    1
 This function calls:
		_strcpy2
 This function is called by:
		_call
 This function uses a non-reentrant model


 *************** function _strcpy2 *****************
 Defined at:
		line 3 in file "string2.c"
 Parameters:    Size  Location     Type
  dest            2    0[COMRAM] PTR unsigned char 
		 -> buffer(200), result(100), callbackCString(100), callbackBString(100), 
		 -> callbackAString(100), tempBuffer(200), 
  loc             2    2[COMRAM] PTR const unsigned char 
		 -> wireSendB(110), wireSendA(110), bufferSerial(100), buffer(200), 
		 -> result(100), callbackCString(100), callbackBString(100), callbackAString(100), 
		 -> NULL(0), tempBuffer(200), 
 Auto vars:     Size  Location     Type
		None
 Return value:  Size  Location     Type
		None               void
 Registers used:
		wreg, fsr1l, fsr1h, fsr2l, fsr2h, status,2, status,0
 Tracked objects:
		On entry : 
		On exit  : 
		Unchanged: 
 Data sizes:     COMRAM   BANK0   BANK1   BANK2   BANK3   BANK4   BANK5   BANK6   BANK7   BANK8   BANK9  BANK10  BANK11  BANK12
      Params:         4       0       0       0       0       0       0       0       0       0       0       0       0       0
      Locals:         0       0       0       0       0       0       0       0       0       0       0       0       0       0
      Temps:          0       0       0       0       0       0       0       0       0       0       0       0       0       0
      Totals:         4       0       0       0       0       0       0       0       0       0       0       0       0       0
Total ram usage:        4 bytes
 Hardware stack levels used:    1
 This function calls:
		Nothing
 This function is called by:
		_Async
		_JsonSetString
		_JsonSetValue
		_JsonGetString
		_JWireRespond
 This function uses a non-reentrant model


 *************** function ___awmod *****************
 Defined at:
		line 10 in file "/Applications/microchip/xc8/v1.12/sources/awmod.c"
 Parameters:    Size  Location     Type
  dividend        2    0[COMRAM] int 
  divisor         2    2[COMRAM] int 
 Auto vars:     Size  Location     Type
  sign            1    6[COMRAM] unsigned char 
  counter         1    5[COMRAM] unsigned char 
 Return value:  Size  Location     Type
                  2    0[COMRAM] int 
 Registers used:
		wreg, status,2, status,0
 Tracked objects:
		On entry : 
		On exit  : 
		Unchanged: 
 Data sizes:     COMRAM   BANK0   BANK1   BANK2   BANK3   BANK4   BANK5   BANK6   BANK7   BANK8   BANK9  BANK10  BANK11  BANK12
      Params:         4       0       0       0       0       0       0       0       0       0       0       0       0       0
      Locals:         2       0       0       0       0       0       0       0       0       0       0       0       0       0
      Temps:          1       0       0       0       0       0       0       0       0       0       0       0       0       0
      Totals:         7       0       0       0       0       0       0       0       0       0       0       0       0       0
Total ram usage:        7 bytes
 Hardware stack levels used:    1
 This function calls:
		Nothing
 This function is called by:
		_IntervalTick
 This function uses a non-reentrant model


 *************** function ___lwdiv *****************
 Defined at:
		line 10 in file "/Applications/microchip/xc8/v1.12/sources/lwdiv.c"
 Parameters:    Size  Location     Type
  dividend        2    0[COMRAM] unsigned int 
  divisor         2    2[COMRAM] unsigned int 
 Auto vars:     Size  Location     Type
  quotient        2    5[COMRAM] unsigned int 
  counter         1    7[COMRAM] unsigned char 
 Return value:  Size  Location     Type
                  2    0[COMRAM] unsigned int 
 Registers used:
		wreg, status,2, status,0
 Tracked objects:
		On entry : 
		On exit  : 
		Unchanged: 
 Data sizes:     COMRAM   BANK0   BANK1   BANK2   BANK3   BANK4   BANK5   BANK6   BANK7   BANK8   BANK9  BANK10  BANK11  BANK12
      Params:         4       0       0       0       0       0       0       0       0       0       0       0       0       0
      Locals:         3       0       0       0       0       0       0       0       0       0       0       0       0       0
      Temps:          1       0       0       0       0       0       0       0       0       0       0       0       0       0
      Totals:         8       0       0       0       0       0       0       0       0       0       0       0       0       0
Total ram usage:        8 bytes
 Hardware stack levels used:    1
 This function calls:
		Nothing
 This function is called by:
		_sprintf
 This function uses a non-reentrant model


 *************** function ___lwmod *****************
 Defined at:
		line 10 in file "/Applications/microchip/xc8/v1.12/sources/lwmod.c"
 Parameters:    Size  Location     Type
  dividend        2    8[COMRAM] unsigned int 
  divisor         2   10[COMRAM] unsigned int 
 Auto vars:     Size  Location     Type
  counter         1   13[COMRAM] unsigned char 
 Return value:  Size  Location     Type
                  2    8[COMRAM] unsigned int 
 Registers used:
		wreg, status,2, status,0
 Tracked objects:
		On entry : 
		On exit  : 
		Unchanged: 
 Data sizes:     COMRAM   BANK0   BANK1   BANK2   BANK3   BANK4   BANK5   BANK6   BANK7   BANK8   BANK9  BANK10  BANK11  BANK12
      Params:         4       0       0       0       0       0       0       0       0       0       0       0       0       0
      Locals:         1       0       0       0       0       0       0       0       0       0       0       0       0       0
      Temps:          1       0       0       0       0       0       0       0       0       0       0       0       0       0
      Totals:         6       0       0       0       0       0       0       0       0       0       0       0       0       0
Total ram usage:        6 bytes
 Hardware stack levels used:    1
 This function calls:
		Nothing
 This function is called by:
		_sprintf
 This function uses a non-reentrant model


 *************** function _strncmp *****************
 Defined at:
		line 5 in file "/Applications/microchip/xc8/v1.12/sources/strncmp.c"
 Parameters:    Size  Location     Type
  s1              2    6[COMRAM] PTR const unsigned char 
		 -> callbackCString(100), callbackBString(100), callbackAString(100), NULL(0), 
  s2              2    8[COMRAM] PTR const unsigned char 
		 -> STR_15(3), STR_14(2), STR_9(3), STR_8(2), 
		 -> result(100), 
  len             2   10[COMRAM] unsigned int 
 Auto vars:     Size  Location     Type
		None
 Return value:  Size  Location     Type
                  2    6[COMRAM] int 
 Registers used:
		wreg, fsr0l, fsr0h, fsr2l, fsr2h, status,2, status,0, tblptrl, tblptrh, tblptru
 Tracked objects:
		On entry : 
		On exit  : 
		Unchanged: 
 Data sizes:     COMRAM   BANK0   BANK1   BANK2   BANK3   BANK4   BANK5   BANK6   BANK7   BANK8   BANK9  BANK10  BANK11  BANK12
      Params:         6       0       0       0       0       0       0       0       0       0       0       0       0       0
      Locals:         0       0       0       0       0       0       0       0       0       0       0       0       0       0
      Temps:          3       0       0       0       0       0       0       0       0       0       0       0       0       0
      Totals:         9       0       0       0       0       0       0       0       0       0       0       0       0       0
Total ram usage:        9 bytes
 Hardware stack levels used:    1
 This function calls:
		Nothing
 This function is called by:
		_strstr
 This function uses a non-reentrant model


 *************** function _strchr *****************
 Defined at:
		line 5 in file "/Applications/microchip/xc8/v1.12/sources/strchr.c"
 Parameters:    Size  Location     Type
  ptr             2    0[COMRAM] PTR const unsigned char 
		 -> callbackCString(100), callbackBString(100), callbackAString(100), NULL(0), 
  chr             2    2[COMRAM] int 
 Auto vars:     Size  Location     Type
		None
 Return value:  Size  Location     Type
                  2    0[COMRAM] PTR unsigned char 
 Registers used:
		wreg, fsr2l, fsr2h, status,2, status,0
 Tracked objects:
		On entry : 
		On exit  : 
		Unchanged: 
 Data sizes:     COMRAM   BANK0   BANK1   BANK2   BANK3   BANK4   BANK5   BANK6   BANK7   BANK8   BANK9  BANK10  BANK11  BANK12
      Params:         4       0       0       0       0       0       0       0       0       0       0       0       0       0
      Locals:         0       0       0       0       0       0       0       0       0       0       0       0       0       0
      Temps:          0       0       0       0       0       0       0       0       0       0       0       0       0       0
      Totals:         4       0       0       0       0       0       0       0       0       0       0       0       0       0
Total ram usage:        4 bytes
 Hardware stack levels used:    1
 This function calls:
		Nothing
 This function is called by:
		_strstr
 This function uses a non-reentrant model


 *************** function i2_AsyncBegin *****************
 Defined at:
		line 55 in file "async.c"
 Parameters:    Size  Location     Type
		None
 Auto vars:     Size  Location     Type
		None
 Return value:  Size  Location     Type
		None               void
 Registers used:
		wreg, status,2
 Tracked objects:
		On entry : 
		On exit  : 
		Unchanged: 
 Data sizes:     COMRAM   BANK0   BANK1   BANK2   BANK3   BANK4   BANK5   BANK6   BANK7   BANK8   BANK9  BANK10  BANK11  BANK12
      Params:         0       0       0       0       0       0       0       0       0       0       0       0       0       0
      Locals:         0       0       0       0       0       0       0       0       0       0       0       0       0       0
      Temps:          0       0       0       0       0       0       0       0       0       0       0       0       0       0
      Totals:         0       0       0       0       0       0       0       0       0       0       0       0       0       0
Total ram usage:        0 bytes
 Hardware stack levels used:    1
 This function calls:
		Nothing
 This function is called by:
		_AsyncTick
 This function uses a non-reentrant model



MODULE INFORMATION

Module		Function		Class		Link	Load	Size
/Applications/microchip/xc8/v1.12/sources/strlen.c
		_strlen        		CODE           	2036	0000	94

/Applications/microchip/xc8/v1.12/sources/strlen.c estimated size: 94

string2.c
		_strcpy2       		CODE           	20F0	0000	82

string2.c estimated size: 82

async.c
		_AsyncTick     		CODE           	1A3E	0000	180
		_AsyncBegin    		CODE           	2290	0000	44
		_Async         		CODE           	1C4C	0000	162

async.c estimated size: 386

json.c
		_JsonSetValue  		CODE           	1DFA	0000	126
		_JsonGetString 		CODE           	11EE	0000	444
		_JsonSetString 		CODE           	1D7C	0000	126
		_JsonNew       		CODE           	23E4	0000	22

json.c estimated size: 718

shared
		__stringdata   		SMALLCONST     	0D0A	0000	95
		i2_AsyncBegin  		CODE           	22E8	0000	44
		_dpowers       		SMALLCONST     	0D00	0000	10
		__initializatio		CODE           	1EEE	0000	108

shared estimated size: 257

macaw.c
		_MacawBegin    		CODE           	2404	0000	6

macaw.c estimated size: 6

/Applications/microchip/xc8/v1.12/sources/strchr.c
		_strchr        		CODE           	218A	0000	64

/Applications/microchip/xc8/v1.12/sources/strchr.c estimated size: 64

jspic.c
		_main          		CODE           	2264	0000	44

jspic.c estimated size: 44

main.c
		_onLoop        		CODE           	240A	0000	2
		_onSetup       		CODE           	2236	0000	46
		_call          		CODE           	1E78	0000	118

main.c estimated size: 166

serial.c
		_SerialBegin   		CODE           	235E	0000	30
		_SerialWriteInt		CODE           	1984	0000	186
		_OnSerialInterr		CODE           	1CEE	0000	142

serial.c estimated size: 358

interrupts.c
		_onInterrupt   		CODE           	0008	0000	6130

interrupts.c estimated size: 6130

/Applications/microchip/xc8/v1.12/sources/strncmp.c
		_strncmp       		CODE           	18C0	0000	196

/Applications/microchip/xc8/v1.12/sources/strncmp.c estimated size: 196

/Applications/microchip/xc8/v1.12/sources/awmod.c
		___awmod       		CODE           	1BA4	0000	168

/Applications/microchip/xc8/v1.12/sources/awmod.c estimated size: 168

ledCounter.c
		_LedCounterBegi		CODE           	2314	0000	40
		_CountUp       		CODE           	2206	0000	48

ledCounter.c estimated size: 88

wireMaster.c
		_HandleReads   		CODE           	13AA	0000	330
		_WireOnInterrup		CODE           	233C	0000	34
		_TryToHelp     		CODE           	1FCC	0000	106
		_HandleSends   		CODE           	14F4	0000	300

wireMaster.c estimated size: 770

/Applications/microchip/xc8/v1.12/sources/lwmod.c
		___lwmod       		CODE           	2094	0000	92

/Applications/microchip/xc8/v1.12/sources/lwmod.c estimated size: 92

/Applications/microchip/xc8/v1.12/sources/lwdiv.c
		___lwdiv       		CODE           	1F60	0000	108

/Applications/microchip/xc8/v1.12/sources/lwdiv.c estimated size: 108

/Applications/microchip/xc8/v1.12/sources/doprnt.c
		_sprintf       		CODE           	0D6A	0000	608

/Applications/microchip/xc8/v1.12/sources/doprnt.c estimated size: 608

crashHelper.c
		_Crash         		CODE           	2398	0000	28

crashHelper.c estimated size: 28

/Applications/microchip/xc8/v1.12/sources/strcpy.c
		_strcpy        		CODE           	21CA	0000	60

/Applications/microchip/xc8/v1.12/sources/strcpy.c estimated size: 60

superSimpleSerial.c
		_SuperSimpleSer		CODE           	237C	0000	28

superSimpleSerial.c estimated size: 28

interval.c
		_SetInterval   		CODE           	17FA	0000	198
		_OnIntervalInte		CODE           	23CE	0000	22
		_IntervalTick  		CODE           	1620	0000	244

interval.c estimated size: 464

twitter.c
		_TwitterSendToA		CODE           	240C	0000	2
		_TwitterOnRecei		CODE           	2142	0000	72

twitter.c estimated size: 74

/Applications/microchip/xc8/v1.12/sources/strstr.c
		_strstr        		CODE           	1AF2	0000	178

/Applications/microchip/xc8/v1.12/sources/strstr.c estimated size: 178

jwire.c
		_JWireRespond  		CODE           	23B4	0000	26
		_JWireOnInterru		CODE           	0FCA	0000	548
		_JWireOnRequest		CODE           	23FA	0000	10
		_JWireBegin    		CODE           	22BC	0000	44

jwire.c estimated size: 628

